// Vitest Snapshot v1, https://vitest.dev/guide/snapshot.html

exports[`Section component > renders correctly 1`] = `
<section
  class="section"
>
  Section
</section>
`;
