// Jest Snapshot v1, https://goo.gl/fbAQLP

exports[`Xing icon component renders correctly 1`] = `
<svg
  fill="#000"
  height="24"
  viewBox="0 0 24 24"
  width="24"
  xmlns="http://www.w3.org/2000/svg"
>
  <path
    d="M24 6H0V2h24v4zm0 4H0v4h24v-4zm0 8H0v4h24v-4z"
  />
</svg>
`;
