// Vitest Snapshot v1, https://vitest.dev/guide/snapshot.html

exports[`Header component > renders correctly 1`] = `
<header
  class="header"
  role="banner"
>
  Header
</header>
`;
