// Vitest Snapshot v1, https://vitest.dev/guide/snapshot.html

exports[`List component > renders correctly 1`] = `
<ul>
  <li>
    One
  </li>
  <li>
    Two
  </li>
  <li>
    Three
  </li>
</ul>
`;
