// Vitest Snapshot v1, https://vitest.dev/guide/snapshot.html

exports[`Row component > renders correctly 1`] = `
<div
  class="row"
>
  Row
</div>
`;
