// Vitest Snapshot v1, https://vitest.dev/guide/snapshot.html

exports[`Column component > renders correctly 1`] = `
<div
  class="undefined"
>
  Column
</div>
`;
