// Vitest Snapshot v1, https://vitest.dev/guide/snapshot.html

exports[`Grid component > renders correctly 1`] = `
<div
  class="grid"
>
  Grid
</div>
`;
