// Vitest Snapshot v1, https://vitest.dev/guide/snapshot.html

exports[`Main component > renders correctly 1`] = `
<main
  class="main"
  role="main"
>
  Main
</main>
`;
