// Jest Snapshot v1, https://goo.gl/fbAQLP

exports[`Navigation component renders correctly 1`] = `
<nav
  class="navigation"
>
  <ul
    class="navigation__list"
  >
    <li
      class="navigation__item"
    >
      <a
        class="navigation__link"
        href="/"
      >
        Index
      </a>
    </li>
  </ul>
</nav>
`;
