// Jest Snapshot v1, https://goo.gl/fbAQLP

exports[`Alignment component should render correctly 1`] = `
<div
  class=""
>
  Alignment
</div>
`;
