// Vitest Snapshot v1, https://vitest.dev/guide/snapshot.html

exports[`Footer component > renders correctly 1`] = `
<footer
  class="footer"
  role="contentinfo"
>
  Footer
</footer>
`;
